nohup: ignoring input

> compliance-analyzer-frontend@1.0.0 start
> react-scripts start

(node:2232749) [DEP_WEBPACK_DEV_SERVER_ON_AFTER_SETUP_MIDDLEWARE] DeprecationWarning: 'onAfterSetupMiddleware' option is deprecated. Please use the 'setupMiddlewares' option.
(node:2232749) [DEP_WEBPACK_DEV_SERVER_ON_BEFORE_SETUP_MIDDLEWARE] DeprecationWarning: 'onBeforeSetupMiddleware' option is deprecated. Please use the 'setupMiddlewares' option.
Starting the development server...

Compiled successfully!

You can now view compliance-analyzer-frontend in the browser.

  Local:            http://localhost:3001
  On Your Network:  http://192.168.41.54:3001

Note that the development build is not optimized.
To create a production build, use npm run build.

webpack compiled successfully
Compiling...
Compiled successfully!
webpack compiled successfully
npm ERR! path /home/rodolfo_danese/AI_compliance2/frontend_copy
npm ERR! command failed
npm ERR! signal SIGHUP
npm ERR! command sh -c react-scripts start

npm ERR! A complete log of this run can be found in:
npm ERR!     /home/rodolfo_danese/.npm/_logs/2025-11-14T09_18_25_464Z-debug-0.log
